// Jest Snapshot v1, https://goo.gl/fbAQLP

exports[`lottie配置文件打包测试 copy lottie to build 1`] = `
Array [
  "i18n/en.json",
  "lottie/lottie.json",
  "manifest.json",
]
`;
